null, null, 0,000000, cow, 25,000000
null, null, 0,000000, 3, 4, 5,000000
null, null, 0,000000, 1, 2, 5,000000
null, null, 0,000000, horse, 25858,000000
